../Core/Src/main.c:66:5:__io_putchar	16	static
../Core/Src/main.c:76:6:HAL_TIM_PeriodElapsedCallback	16	static
../Core/Src/main.c:82:6:HAL_GPIO_EXTI_Callback	16	static
../Core/Src/main.c:93:5:main	40	static
../Core/Src/main.c:181:6:SystemClock_Config	88	static
../Core/Src/main.c:230:13:MX_TIM2_Init	64	static
../Core/Src/main.c:289:13:MX_TIM3_Init	56	static
../Core/Src/main.c:338:13:MX_TIM6_Init	16	static
../Core/Src/main.c:376:13:MX_USART2_UART_Init	8	static
../Core/Src/main.c:409:13:MX_GPIO_Init	48	static
../Core/Src/main.c:459:6:Error_Handler	4	static,ignoring_inline_asm
