../Core/Src/main.c:67:5:__io_putchar	16	static
../Core/Src/main.c:88:7:calculate_pwm	32	static
../Core/Src/main.c:116:6:HAL_TIM_PeriodElapsedCallback	32	static
../Core/Src/main.c:136:5:main	24	static
../Core/Src/main.c:228:6:SystemClock_Config	88	static
../Core/Src/main.c:277:13:MX_TIM2_Init	64	static
../Core/Src/main.c:336:13:MX_TIM3_Init	56	static
../Core/Src/main.c:385:13:MX_TIM6_Init	16	static
../Core/Src/main.c:423:13:MX_USART2_UART_Init	8	static
../Core/Src/main.c:456:13:MX_GPIO_Init	48	static
../Core/Src/main.c:506:6:Error_Handler	4	static,ignoring_inline_asm
